[     491ms] [WARNING] document.domain mutation is ignored because the surrounding agent cluster is origin-keyed. @ https://appstoreconnect.apple.com/access/static/js/container.568ebb197d6c4922.js:1
[     492ms] [WARNING] [maison] No route found https://appstoreconnect.apple.com/apps/6761963940/distribution/reviewsubmissions @ https://appstoreconnect.apple.com/access/static/js/container.568ebb197d6c4922.js:1
[     502ms] [WARNING] Metrics config: No config provided via delegate or fetched via init(), using default/cached config values. @ https://appstoreconnect.apple.com/access/static/js/694.81535de161180022.js:0
[    1220ms] [ERROR] Failed to load resource: the server responded with a status of 404 () @ https://appstoreconnect.apple.com/partials/app-store/js/date-fns-locale-de-index-js.a3d02887.js:0
[    1289ms] [WARNING] <meta name="apple-mobile-web-app-capable" content="yes"> is deprecated. Please include <meta name="mobile-web-app-capable" content="yes"> @ https://appstoreconnect.apple.com/apps/6761963940/distribution/reviewsubmissions:0
[    1745ms] [WARNING] An array is needed to render meta tags @ https://appstoreconnect.apple.com/access/static/js/container.568ebb197d6c4922.js:1
[    2351ms] [WARNING] eventQueue overflow, deleting LRU events: size is: 101 which is over max size: 100 @ https://appstoreconnect.apple.com/access/static/js/container.568ebb197d6c4922.js:1
[    2353ms] [WARNING] eventQueue overflow, deleting LRU events: size is: 101 which is over max size: 100 @ https://appstoreconnect.apple.com/access/static/js/container.568ebb197d6c4922.js:1
[    2353ms] [WARNING] eventQueue overflow, deleting LRU events: size is: 101 which is over max size: 100 @ https://appstoreconnect.apple.com/access/static/js/container.568ebb197d6c4922.js:1
[    2353ms] [WARNING] eventQueue overflow, deleting LRU events: size is: 101 which is over max size: 100 @ https://appstoreconnect.apple.com/access/static/js/container.568ebb197d6c4922.js:1
[    2353ms] [WARNING] eventQueue overflow, deleting LRU events: size is: 101 which is over max size: 100 @ https://appstoreconnect.apple.com/access/static/js/container.568ebb197d6c4922.js:1
[    2384ms] [WARNING] eventQueue overflow, deleting LRU events: size is: 101 which is over max size: 100 @ https://appstoreconnect.apple.com/access/static/js/container.568ebb197d6c4922.js:1
[    2429ms] [WARNING] eventQueue overflow, deleting LRU events: size is: 101 which is over max size: 100 @ https://appstoreconnect.apple.com/access/static/js/container.568ebb197d6c4922.js:1
[    2434ms] [WARNING] eventQueue overflow, deleting LRU events: size is: 101 which is over max size: 100 @ https://appstoreconnect.apple.com/access/static/js/container.568ebb197d6c4922.js:1
[    2511ms] [WARNING] eventQueue overflow, deleting LRU events: size is: 101 which is over max size: 100 @ https://appstoreconnect.apple.com/access/static/js/container.568ebb197d6c4922.js:1
[    2521ms] [WARNING] eventQueue overflow, deleting LRU events: size is: 101 which is over max size: 100 @ https://appstoreconnect.apple.com/access/static/js/container.568ebb197d6c4922.js:1
[    2521ms] [WARNING] eventQueue overflow, deleting LRU events: size is: 101 which is over max size: 100 @ https://appstoreconnect.apple.com/access/static/js/container.568ebb197d6c4922.js:1
[    2537ms] [WARNING] eventQueue overflow, deleting LRU events: size is: 101 which is over max size: 100 @ https://appstoreconnect.apple.com/access/static/js/container.568ebb197d6c4922.js:1
[    2543ms] [WARNING] eventQueue overflow, deleting LRU events: size is: 101 which is over max size: 100 @ https://appstoreconnect.apple.com/access/static/js/container.568ebb197d6c4922.js:1
[    2559ms] [WARNING] eventQueue overflow, deleting LRU events: size is: 101 which is over max size: 100 @ https://appstoreconnect.apple.com/access/static/js/container.568ebb197d6c4922.js:1
[    2644ms] [WARNING] eventQueue overflow, deleting LRU events: size is: 101 which is over max size: 100 @ https://appstoreconnect.apple.com/access/static/js/container.568ebb197d6c4922.js:1
[    2746ms] [WARNING] eventQueue overflow, deleting LRU events: size is: 101 which is over max size: 100 @ https://appstoreconnect.apple.com/access/static/js/container.568ebb197d6c4922.js:1
[    2765ms] [WARNING] eventQueue overflow, deleting LRU events: size is: 101 which is over max size: 100 @ https://appstoreconnect.apple.com/access/static/js/container.568ebb197d6c4922.js:1
[    2800ms] [WARNING] eventQueue overflow, deleting LRU events: size is: 101 which is over max size: 100 @ https://appstoreconnect.apple.com/access/static/js/container.568ebb197d6c4922.js:1
[    2815ms] [WARNING] eventQueue overflow, deleting LRU events: size is: 101 which is over max size: 100 @ https://appstoreconnect.apple.com/access/static/js/container.568ebb197d6c4922.js:1
[    2823ms] [WARNING] eventQueue overflow, deleting LRU events: size is: 101 which is over max size: 100 @ https://appstoreconnect.apple.com/access/static/js/container.568ebb197d6c4922.js:1
[    2831ms] [WARNING] eventQueue overflow, deleting LRU events: size is: 101 which is over max size: 100 @ https://appstoreconnect.apple.com/access/static/js/container.568ebb197d6c4922.js:1
[    2855ms] [WARNING] eventQueue overflow, deleting LRU events: size is: 101 which is over max size: 100 @ https://appstoreconnect.apple.com/access/static/js/container.568ebb197d6c4922.js:1
[    2863ms] [WARNING] eventQueue overflow, deleting LRU events: size is: 101 which is over max size: 100 @ https://appstoreconnect.apple.com/access/static/js/container.568ebb197d6c4922.js:1
[    2878ms] [WARNING] eventQueue overflow, deleting LRU events: size is: 101 which is over max size: 100 @ https://appstoreconnect.apple.com/access/static/js/container.568ebb197d6c4922.js:1
[    2891ms] [WARNING] eventQueue overflow, deleting LRU events: size is: 101 which is over max size: 100 @ https://appstoreconnect.apple.com/access/static/js/container.568ebb197d6c4922.js:1
[    2963ms] [WARNING] eventQueue overflow, deleting LRU events: size is: 101 which is over max size: 100 @ https://appstoreconnect.apple.com/access/static/js/container.568ebb197d6c4922.js:1
[    3082ms] [WARNING] eventQueue overflow, deleting LRU events: size is: 101 which is over max size: 100 @ https://appstoreconnect.apple.com/access/static/js/container.568ebb197d6c4922.js:1
[    3147ms] [WARNING] eventQueue overflow, deleting LRU events: size is: 101 which is over max size: 100 @ https://appstoreconnect.apple.com/access/static/js/container.568ebb197d6c4922.js:1
[    3163ms] [WARNING] eventQueue overflow, deleting LRU events: size is: 101 which is over max size: 100 @ https://appstoreconnect.apple.com/access/static/js/container.568ebb197d6c4922.js:1
[    3176ms] [WARNING] eventQueue overflow, deleting LRU events: size is: 101 which is over max size: 100 @ https://appstoreconnect.apple.com/access/static/js/container.568ebb197d6c4922.js:1
[    3190ms] [WARNING] eventQueue overflow, deleting LRU events: size is: 101 which is over max size: 100 @ https://appstoreconnect.apple.com/access/static/js/container.568ebb197d6c4922.js:1
[    3190ms] [WARNING] eventQueue overflow, deleting LRU events: size is: 101 which is over max size: 100 @ https://appstoreconnect.apple.com/access/static/js/container.568ebb197d6c4922.js:1
[    3202ms] [WARNING] eventQueue overflow, deleting LRU events: size is: 101 which is over max size: 100 @ https://appstoreconnect.apple.com/access/static/js/container.568ebb197d6c4922.js:1
[    3270ms] [WARNING] eventQueue overflow, deleting LRU events: size is: 101 which is over max size: 100 @ https://appstoreconnect.apple.com/access/static/js/container.568ebb197d6c4922.js:1
[    3429ms] [WARNING] eventQueue overflow, deleting LRU events: size is: 101 which is over max size: 100 @ https://appstoreconnect.apple.com/access/static/js/container.568ebb197d6c4922.js:1
[    3762ms] [WARNING] eventQueue overflow, deleting LRU events: size is: 101 which is over max size: 100 @ https://appstoreconnect.apple.com/access/static/js/container.568ebb197d6c4922.js:1
[    3776ms] [WARNING] eventQueue overflow, deleting LRU events: size is: 101 which is over max size: 100 @ https://appstoreconnect.apple.com/access/static/js/container.568ebb197d6c4922.js:1
[    3776ms] [WARNING] eventQueue overflow, deleting LRU events: size is: 101 which is over max size: 100 @ https://appstoreconnect.apple.com/access/static/js/container.568ebb197d6c4922.js:1
[    4363ms] [WARNING] eventQueue overflow, deleting LRU events: size is: 101 which is over max size: 100 @ https://appstoreconnect.apple.com/access/static/js/container.568ebb197d6c4922.js:1
[    5252ms] [WARNING] eventQueue overflow, deleting LRU events: size is: 101 which is over max size: 100 @ https://appstoreconnect.apple.com/access/static/js/container.568ebb197d6c4922.js:1
[    9709ms] [WARNING] eventQueue overflow, deleting LRU events: size is: 101 which is over max size: 100 @ https://appstoreconnect.apple.com/access/static/js/container.568ebb197d6c4922.js:1
