[    1260ms] [ERROR] Failed to load resource: the server responded with a status of 403 () @ https://app.revenuecat.com/v1/developers/me:0
[    1286ms] [ERROR] Failed to load resource: the server responded with a status of 403 () @ https://app.revenuecat.com/v1/developers/login/refresh-token:0
[    1518ms] [ERROR] Failed to load resource: the server responded with a status of 403 () @ https://app.revenuecat.com/v1/developers/me:0
[    8156ms] [LOG] %c6sense JS 
        font-weight: bold;
        border-radius: 3px;
        background-color: #dcab8b;
        color: #192232;
        padding: 1px 2px;
         Hit MAX_ITERATIONS in getNameOfClosestParent @ https://app.revenuecat.com/assets/router-DtujUE0e.js:41
[    8156ms] [LOG] %c6sense JS 
        font-weight: bold;
        border-radius: 3px;
        background-color: #dcab8b;
        color: #192232;
        padding: 1px 2px;
         Form Element:  JSHandle@node  cannot have a name determined from parents, skipping @ https://app.revenuecat.com/assets/router-DtujUE0e.js:41
[    8157ms] [LOG] %c6sense JS 
        font-weight: bold;
        border-radius: 3px;
        background-color: #dcab8b;
        color: #192232;
        padding: 1px 2px;
         Hit MAX_ITERATIONS in getNameOfClosestParent @ https://app.revenuecat.com/assets/router-DtujUE0e.js:41
[    8157ms] [LOG] %c6sense JS 
        font-weight: bold;
        border-radius: 3px;
        background-color: #dcab8b;
        color: #192232;
        padding: 1px 2px;
         Form Element:  JSHandle@node  cannot have a name determined from parents, skipping @ https://app.revenuecat.com/assets/router-DtujUE0e.js:41
[    8157ms] [LOG] %c6sense JS 
        font-weight: bold;
        border-radius: 3px;
        background-color: #dcab8b;
        color: #192232;
        padding: 1px 2px;
         Hit MAX_ITERATIONS in getNameOfClosestParent @ https://app.revenuecat.com/assets/router-DtujUE0e.js:41
[    8157ms] [LOG] %c6sense JS 
        font-weight: bold;
        border-radius: 3px;
        background-color: #dcab8b;
        color: #192232;
        padding: 1px 2px;
         Form Element:  JSHandle@node  cannot have a name determined from parents, skipping @ https://app.revenuecat.com/assets/router-DtujUE0e.js:41
[   11217ms] [LOG] %c6sense JS 
        font-weight: bold;
        border-radius: 3px;
        background-color: #dcab8b;
        color: #192232;
        padding: 1px 2px;
         Hit MAX_ITERATIONS in getNameOfClosestParent @ https://app.revenuecat.com/assets/router-DtujUE0e.js:41
[   11217ms] [LOG] %c6sense JS 
        font-weight: bold;
        border-radius: 3px;
        background-color: #dcab8b;
        color: #192232;
        padding: 1px 2px;
         Form Element:  JSHandle@node  cannot have a name determined from parents, skipping @ https://app.revenuecat.com/assets/router-DtujUE0e.js:41
[   11217ms] [LOG] %c6sense JS 
        font-weight: bold;
        border-radius: 3px;
        background-color: #dcab8b;
        color: #192232;
        padding: 1px 2px;
         Hit MAX_ITERATIONS in getNameOfClosestParent @ https://app.revenuecat.com/assets/router-DtujUE0e.js:41
[   11217ms] [LOG] %c6sense JS 
        font-weight: bold;
        border-radius: 3px;
        background-color: #dcab8b;
        color: #192232;
        padding: 1px 2px;
         Form Element:  JSHandle@node  cannot have a name determined from parents, skipping @ https://app.revenuecat.com/assets/router-DtujUE0e.js:41
[   11217ms] [LOG] %c6sense JS 
        font-weight: bold;
        border-radius: 3px;
        background-color: #dcab8b;
        color: #192232;
        padding: 1px 2px;
         Hit MAX_ITERATIONS in getNameOfClosestParent @ https://app.revenuecat.com/assets/router-DtujUE0e.js:41
[   11217ms] [LOG] %c6sense JS 
        font-weight: bold;
        border-radius: 3px;
        background-color: #dcab8b;
        color: #192232;
        padding: 1px 2px;
         Form Element:  JSHandle@node  cannot have a name determined from parents, skipping @ https://app.revenuecat.com/assets/router-DtujUE0e.js:41
[   11218ms] [LOG] %c6sense JS 
        font-weight: bold;
        border-radius: 3px;
        background-color: #dcab8b;
        color: #192232;
        padding: 1px 2px;
         Hit MAX_ITERATIONS in getNameOfClosestParent @ https://app.revenuecat.com/assets/router-DtujUE0e.js:41
[   11218ms] [LOG] %c6sense JS 
        font-weight: bold;
        border-radius: 3px;
        background-color: #dcab8b;
        color: #192232;
        padding: 1px 2px;
         Form Element:  JSHandle@node  cannot have a name determined from parents, skipping @ https://app.revenuecat.com/assets/router-DtujUE0e.js:41
[   13021ms] [ERROR] Failed to load resource: the server responded with a status of 404 () @ https://app.revenuecat.com/internal/v1/rc_capital/onboarding/status:0
[   13828ms] [ERROR] Failed to load resource: the server responded with a status of 404 () @ https://app.revenuecat.com/internal/v1/rc_capital/onboarding/status:0
