[     489ms] [WARNING] document.domain mutation is ignored because the surrounding agent cluster is origin-keyed. @ https://appstoreconnect.apple.com/access/static/js/container.568ebb197d6c4922.js:1
[     490ms] [WARNING] [maison] No route found https://appstoreconnect.apple.com/apps/6761963940/distribution/ios/version/inflight @ https://appstoreconnect.apple.com/access/static/js/container.568ebb197d6c4922.js:1
[     501ms] [WARNING] Metrics config: No config provided via delegate or fetched via init(), using default/cached config values. @ https://appstoreconnect.apple.com/access/static/js/694.81535de161180022.js:0
[     693ms] [WARNING] <meta name="apple-mobile-web-app-capable" content="yes"> is deprecated. Please include <meta name="mobile-web-app-capable" content="yes"> @ https://appstoreconnect.apple.com/apps/6761963940/distribution/ios/version/inflight:0
[    1228ms] [ERROR] Failed to load resource: the server responded with a status of 404 () @ https://appstoreconnect.apple.com/partials/app-store/js/date-fns-locale-de-index-js.a3d02887.js:0
[    1800ms] [WARNING] An array is needed to render meta tags @ https://appstoreconnect.apple.com/access/static/js/container.568ebb197d6c4922.js:1
[    2389ms] [WARNING] eventQueue overflow, deleting LRU events: size is: 101 which is over max size: 100 @ https://appstoreconnect.apple.com/access/static/js/container.568ebb197d6c4922.js:1
[    2389ms] [WARNING] eventQueue overflow, deleting LRU events: size is: 101 which is over max size: 100 @ https://appstoreconnect.apple.com/access/static/js/container.568ebb197d6c4922.js:1
[    2389ms] [WARNING] eventQueue overflow, deleting LRU events: size is: 101 which is over max size: 100 @ https://appstoreconnect.apple.com/access/static/js/container.568ebb197d6c4922.js:1
[    2389ms] [WARNING] eventQueue overflow, deleting LRU events: size is: 101 which is over max size: 100 @ https://appstoreconnect.apple.com/access/static/js/container.568ebb197d6c4922.js:1
[    2389ms] [WARNING] eventQueue overflow, deleting LRU events: size is: 101 which is over max size: 100 @ https://appstoreconnect.apple.com/access/static/js/container.568ebb197d6c4922.js:1
[    2389ms] [WARNING] eventQueue overflow, deleting LRU events: size is: 101 which is over max size: 100 @ https://appstoreconnect.apple.com/access/static/js/container.568ebb197d6c4922.js:1
[    2389ms] [WARNING] eventQueue overflow, deleting LRU events: size is: 101 which is over max size: 100 @ https://appstoreconnect.apple.com/access/static/js/container.568ebb197d6c4922.js:1
[    2389ms] [WARNING] eventQueue overflow, deleting LRU events: size is: 101 which is over max size: 100 @ https://appstoreconnect.apple.com/access/static/js/container.568ebb197d6c4922.js:1
[    2389ms] [WARNING] eventQueue overflow, deleting LRU events: size is: 101 which is over max size: 100 @ https://appstoreconnect.apple.com/access/static/js/container.568ebb197d6c4922.js:1
[    2390ms] [WARNING] eventQueue overflow, deleting LRU events: size is: 101 which is over max size: 100 @ https://appstoreconnect.apple.com/access/static/js/container.568ebb197d6c4922.js:1
[    2390ms] [WARNING] eventQueue overflow, deleting LRU events: size is: 101 which is over max size: 100 @ https://appstoreconnect.apple.com/access/static/js/container.568ebb197d6c4922.js:1
[    2390ms] [WARNING] eventQueue overflow, deleting LRU events: size is: 101 which is over max size: 100 @ https://appstoreconnect.apple.com/access/static/js/container.568ebb197d6c4922.js:1
[    2390ms] [WARNING] eventQueue overflow, deleting LRU events: size is: 101 which is over max size: 100 @ https://appstoreconnect.apple.com/access/static/js/container.568ebb197d6c4922.js:1
[    2390ms] [WARNING] eventQueue overflow, deleting LRU events: size is: 101 which is over max size: 100 @ https://appstoreconnect.apple.com/access/static/js/container.568ebb197d6c4922.js:1
[    2548ms] [WARNING] eventQueue overflow, deleting LRU events: size is: 101 which is over max size: 100 @ https://appstoreconnect.apple.com/access/static/js/container.568ebb197d6c4922.js:1
[    2550ms] [WARNING] eventQueue overflow, deleting LRU events: size is: 101 which is over max size: 100 @ https://appstoreconnect.apple.com/access/static/js/container.568ebb197d6c4922.js:1
[    2550ms] [WARNING] eventQueue overflow, deleting LRU events: size is: 101 which is over max size: 100 @ https://appstoreconnect.apple.com/access/static/js/container.568ebb197d6c4922.js:1
[    2550ms] [WARNING] eventQueue overflow, deleting LRU events: size is: 101 which is over max size: 100 @ https://appstoreconnect.apple.com/access/static/js/container.568ebb197d6c4922.js:1
[    2550ms] [WARNING] eventQueue overflow, deleting LRU events: size is: 101 which is over max size: 100 @ https://appstoreconnect.apple.com/access/static/js/container.568ebb197d6c4922.js:1
[    2558ms] [WARNING] eventQueue overflow, deleting LRU events: size is: 101 which is over max size: 100 @ https://appstoreconnect.apple.com/access/static/js/container.568ebb197d6c4922.js:1
[    2559ms] [WARNING] eventQueue overflow, deleting LRU events: size is: 101 which is over max size: 100 @ https://appstoreconnect.apple.com/access/static/js/container.568ebb197d6c4922.js:1
[    2563ms] [WARNING] eventQueue overflow, deleting LRU events: size is: 101 which is over max size: 100 @ https://appstoreconnect.apple.com/access/static/js/container.568ebb197d6c4922.js:1
[    2617ms] [WARNING] eventQueue overflow, deleting LRU events: size is: 101 which is over max size: 100 @ https://appstoreconnect.apple.com/access/static/js/container.568ebb197d6c4922.js:1
[    2618ms] [WARNING] eventQueue overflow, deleting LRU events: size is: 101 which is over max size: 100 @ https://appstoreconnect.apple.com/access/static/js/container.568ebb197d6c4922.js:1
[    2632ms] [WARNING] eventQueue overflow, deleting LRU events: size is: 101 which is over max size: 100 @ https://appstoreconnect.apple.com/access/static/js/container.568ebb197d6c4922.js:1
[    2640ms] [WARNING] eventQueue overflow, deleting LRU events: size is: 101 which is over max size: 100 @ https://appstoreconnect.apple.com/access/static/js/container.568ebb197d6c4922.js:1
[    2640ms] [WARNING] eventQueue overflow, deleting LRU events: size is: 101 which is over max size: 100 @ https://appstoreconnect.apple.com/access/static/js/container.568ebb197d6c4922.js:1
[    2640ms] [WARNING] eventQueue overflow, deleting LRU events: size is: 101 which is over max size: 100 @ https://appstoreconnect.apple.com/access/static/js/container.568ebb197d6c4922.js:1
[    2714ms] [WARNING] eventQueue overflow, deleting LRU events: size is: 101 which is over max size: 100 @ https://appstoreconnect.apple.com/access/static/js/container.568ebb197d6c4922.js:1
[    2740ms] [WARNING] eventQueue overflow, deleting LRU events: size is: 101 which is over max size: 100 @ https://appstoreconnect.apple.com/access/static/js/container.568ebb197d6c4922.js:1
[    2746ms] [WARNING] eventQueue overflow, deleting LRU events: size is: 101 which is over max size: 100 @ https://appstoreconnect.apple.com/access/static/js/container.568ebb197d6c4922.js:1
[    2774ms] [WARNING] eventQueue overflow, deleting LRU events: size is: 101 which is over max size: 100 @ https://appstoreconnect.apple.com/access/static/js/container.568ebb197d6c4922.js:1
[    2812ms] [WARNING] eventQueue overflow, deleting LRU events: size is: 101 which is over max size: 100 @ https://appstoreconnect.apple.com/access/static/js/container.568ebb197d6c4922.js:1
[    2815ms] [WARNING] eventQueue overflow, deleting LRU events: size is: 101 which is over max size: 100 @ https://appstoreconnect.apple.com/access/static/js/container.568ebb197d6c4922.js:1
[    2815ms] [WARNING] eventQueue overflow, deleting LRU events: size is: 101 which is over max size: 100 @ https://appstoreconnect.apple.com/access/static/js/container.568ebb197d6c4922.js:1
[    2815ms] [WARNING] eventQueue overflow, deleting LRU events: size is: 101 which is over max size: 100 @ https://appstoreconnect.apple.com/access/static/js/container.568ebb197d6c4922.js:1
[    2816ms] [WARNING] eventQueue overflow, deleting LRU events: size is: 101 which is over max size: 100 @ https://appstoreconnect.apple.com/access/static/js/container.568ebb197d6c4922.js:1
[    2816ms] [WARNING] eventQueue overflow, deleting LRU events: size is: 101 which is over max size: 100 @ https://appstoreconnect.apple.com/access/static/js/container.568ebb197d6c4922.js:1
[    2816ms] [WARNING] eventQueue overflow, deleting LRU events: size is: 101 which is over max size: 100 @ https://appstoreconnect.apple.com/access/static/js/container.568ebb197d6c4922.js:1
[    2824ms] [WARNING] eventQueue overflow, deleting LRU events: size is: 101 which is over max size: 100 @ https://appstoreconnect.apple.com/access/static/js/container.568ebb197d6c4922.js:1
[    2839ms] [WARNING] eventQueue overflow, deleting LRU events: size is: 101 which is over max size: 100 @ https://appstoreconnect.apple.com/access/static/js/container.568ebb197d6c4922.js:1
[    2878ms] [WARNING] eventQueue overflow, deleting LRU events: size is: 101 which is over max size: 100 @ https://appstoreconnect.apple.com/access/static/js/container.568ebb197d6c4922.js:1
[    2879ms] [WARNING] eventQueue overflow, deleting LRU events: size is: 101 which is over max size: 100 @ https://appstoreconnect.apple.com/access/static/js/container.568ebb197d6c4922.js:1
[    2879ms] [WARNING] eventQueue overflow, deleting LRU events: size is: 101 which is over max size: 100 @ https://appstoreconnect.apple.com/access/static/js/container.568ebb197d6c4922.js:1
[    2880ms] [WARNING] eventQueue overflow, deleting LRU events: size is: 101 which is over max size: 100 @ https://appstoreconnect.apple.com/access/static/js/container.568ebb197d6c4922.js:1
[    2880ms] [WARNING] eventQueue overflow, deleting LRU events: size is: 101 which is over max size: 100 @ https://appstoreconnect.apple.com/access/static/js/container.568ebb197d6c4922.js:1
[    2883ms] [WARNING] eventQueue overflow, deleting LRU events: size is: 101 which is over max size: 100 @ https://appstoreconnect.apple.com/access/static/js/container.568ebb197d6c4922.js:1
[    2892ms] [WARNING] eventQueue overflow, deleting LRU events: size is: 101 which is over max size: 100 @ https://appstoreconnect.apple.com/access/static/js/container.568ebb197d6c4922.js:1
[    2928ms] [WARNING] eventQueue overflow, deleting LRU events: size is: 101 which is over max size: 100 @ https://appstoreconnect.apple.com/access/static/js/container.568ebb197d6c4922.js:1
[    2928ms] [WARNING] eventQueue overflow, deleting LRU events: size is: 101 which is over max size: 100 @ https://appstoreconnect.apple.com/access/static/js/container.568ebb197d6c4922.js:1
[    2944ms] [WARNING] eventQueue overflow, deleting LRU events: size is: 101 which is over max size: 100 @ https://appstoreconnect.apple.com/access/static/js/container.568ebb197d6c4922.js:1
[    2944ms] [WARNING] eventQueue overflow, deleting LRU events: size is: 101 which is over max size: 100 @ https://appstoreconnect.apple.com/access/static/js/container.568ebb197d6c4922.js:1
[    2944ms] [WARNING] eventQueue overflow, deleting LRU events: size is: 101 which is over max size: 100 @ https://appstoreconnect.apple.com/access/static/js/container.568ebb197d6c4922.js:1
[    2944ms] [WARNING] eventQueue overflow, deleting LRU events: size is: 101 which is over max size: 100 @ https://appstoreconnect.apple.com/access/static/js/container.568ebb197d6c4922.js:1
[    2975ms] [WARNING] eventQueue overflow, deleting LRU events: size is: 101 which is over max size: 100 @ https://appstoreconnect.apple.com/access/static/js/container.568ebb197d6c4922.js:1
[    2989ms] [WARNING] eventQueue overflow, deleting LRU events: size is: 101 which is over max size: 100 @ https://appstoreconnect.apple.com/access/static/js/container.568ebb197d6c4922.js:1
[    3130ms] [WARNING] eventQueue overflow, deleting LRU events: size is: 101 which is over max size: 100 @ https://appstoreconnect.apple.com/access/static/js/container.568ebb197d6c4922.js:1
[    3130ms] [WARNING] eventQueue overflow, deleting LRU events: size is: 101 which is over max size: 100 @ https://appstoreconnect.apple.com/access/static/js/container.568ebb197d6c4922.js:1
[    3130ms] [WARNING] eventQueue overflow, deleting LRU events: size is: 101 which is over max size: 100 @ https://appstoreconnect.apple.com/access/static/js/container.568ebb197d6c4922.js:1
[    3132ms] [WARNING] eventQueue overflow, deleting LRU events: size is: 101 which is over max size: 100 @ https://appstoreconnect.apple.com/access/static/js/container.568ebb197d6c4922.js:1
[    3269ms] [WARNING] eventQueue overflow, deleting LRU events: size is: 101 which is over max size: 100 @ https://appstoreconnect.apple.com/access/static/js/container.568ebb197d6c4922.js:1
[    3303ms] [WARNING] eventQueue overflow, deleting LRU events: size is: 101 which is over max size: 100 @ https://appstoreconnect.apple.com/access/static/js/container.568ebb197d6c4922.js:1
[    3303ms] [WARNING] eventQueue overflow, deleting LRU events: size is: 101 which is over max size: 100 @ https://appstoreconnect.apple.com/access/static/js/container.568ebb197d6c4922.js:1
[    3303ms] [WARNING] eventQueue overflow, deleting LRU events: size is: 101 which is over max size: 100 @ https://appstoreconnect.apple.com/access/static/js/container.568ebb197d6c4922.js:1
[    3303ms] [WARNING] eventQueue overflow, deleting LRU events: size is: 101 which is over max size: 100 @ https://appstoreconnect.apple.com/access/static/js/container.568ebb197d6c4922.js:1
[    3420ms] [WARNING] eventQueue overflow, deleting LRU events: size is: 101 which is over max size: 100 @ https://appstoreconnect.apple.com/access/static/js/container.568ebb197d6c4922.js:1
[    3420ms] [WARNING] eventQueue overflow, deleting LRU events: size is: 101 which is over max size: 100 @ https://appstoreconnect.apple.com/access/static/js/container.568ebb197d6c4922.js:1
[    3420ms] [WARNING] eventQueue overflow, deleting LRU events: size is: 101 which is over max size: 100 @ https://appstoreconnect.apple.com/access/static/js/container.568ebb197d6c4922.js:1
[    3487ms] [WARNING] eventQueue overflow, deleting LRU events: size is: 101 which is over max size: 100 @ https://appstoreconnect.apple.com/access/static/js/container.568ebb197d6c4922.js:1
[    3487ms] [WARNING] eventQueue overflow, deleting LRU events: size is: 101 which is over max size: 100 @ https://appstoreconnect.apple.com/access/static/js/container.568ebb197d6c4922.js:1
[    3487ms] [WARNING] eventQueue overflow, deleting LRU events: size is: 101 which is over max size: 100 @ https://appstoreconnect.apple.com/access/static/js/container.568ebb197d6c4922.js:1
[    3488ms] [WARNING] eventQueue overflow, deleting LRU events: size is: 101 which is over max size: 100 @ https://appstoreconnect.apple.com/access/static/js/container.568ebb197d6c4922.js:1
[    3488ms] [WARNING] eventQueue overflow, deleting LRU events: size is: 101 which is over max size: 100 @ https://appstoreconnect.apple.com/access/static/js/container.568ebb197d6c4922.js:1
[    3488ms] [WARNING] eventQueue overflow, deleting LRU events: size is: 101 which is over max size: 100 @ https://appstoreconnect.apple.com/access/static/js/container.568ebb197d6c4922.js:1
[    3549ms] [WARNING] eventQueue overflow, deleting LRU events: size is: 101 which is over max size: 100 @ https://appstoreconnect.apple.com/access/static/js/container.568ebb197d6c4922.js:1
[    3622ms] [WARNING] eventQueue overflow, deleting LRU events: size is: 101 which is over max size: 100 @ https://appstoreconnect.apple.com/access/static/js/container.568ebb197d6c4922.js:1
[    3796ms] [WARNING] eventQueue overflow, deleting LRU events: size is: 101 which is over max size: 100 @ https://appstoreconnect.apple.com/access/static/js/container.568ebb197d6c4922.js:1
[    3855ms] [WARNING] eventQueue overflow, deleting LRU events: size is: 101 which is over max size: 100 @ https://appstoreconnect.apple.com/access/static/js/container.568ebb197d6c4922.js:1
[    3923ms] [WARNING] eventQueue overflow, deleting LRU events: size is: 101 which is over max size: 100 @ https://appstoreconnect.apple.com/access/static/js/container.568ebb197d6c4922.js:1
[    3955ms] [WARNING] eventQueue overflow, deleting LRU events: size is: 101 which is over max size: 100 @ https://appstoreconnect.apple.com/access/static/js/container.568ebb197d6c4922.js:1
[    4062ms] [WARNING] eventQueue overflow, deleting LRU events: size is: 101 which is over max size: 100 @ https://appstoreconnect.apple.com/access/static/js/container.568ebb197d6c4922.js:1
[    4316ms] [WARNING] eventQueue overflow, deleting LRU events: size is: 101 which is over max size: 100 @ https://appstoreconnect.apple.com/access/static/js/container.568ebb197d6c4922.js:1
[    4431ms] [WARNING] eventQueue overflow, deleting LRU events: size is: 101 which is over max size: 100 @ https://appstoreconnect.apple.com/access/static/js/container.568ebb197d6c4922.js:1
[    4450ms] [WARNING] eventQueue overflow, deleting LRU events: size is: 101 which is over max size: 100 @ https://appstoreconnect.apple.com/access/static/js/container.568ebb197d6c4922.js:1
[    6238ms] [WARNING] eventQueue overflow, deleting LRU events: size is: 101 which is over max size: 100 @ https://appstoreconnect.apple.com/access/static/js/container.568ebb197d6c4922.js:1
[    7966ms] [WARNING] eventQueue overflow, deleting LRU events: size is: 101 which is over max size: 100 @ https://appstoreconnect.apple.com/access/static/js/container.568ebb197d6c4922.js:1
