[     416ms] [WARNING] document.domain mutation is ignored because the surrounding agent cluster is origin-keyed. @ https://appstoreconnect.apple.com/access/static/js/container.568ebb197d6c4922.js:1
[     417ms] [WARNING] [maison] No route found https://appstoreconnect.apple.com/apps/6761963940/distribution/subscriptions/6761966178 @ https://appstoreconnect.apple.com/access/static/js/container.568ebb197d6c4922.js:1
[     426ms] [WARNING] Metrics config: No config provided via delegate or fetched via init(), using default/cached config values. @ https://appstoreconnect.apple.com/access/static/js/694.81535de161180022.js:0
[    1146ms] [WARNING] <meta name="apple-mobile-web-app-capable" content="yes"> is deprecated. Please include <meta name="mobile-web-app-capable" content="yes"> @ https://appstoreconnect.apple.com/apps/6761963940/distribution/subscriptions/6761966178:0
[    1210ms] [ERROR] Failed to load resource: the server responded with a status of 404 () @ https://appstoreconnect.apple.com/partials/app-store/js/date-fns-locale-de-index-js.a3d02887.js:0
[    1644ms] [WARNING] An array is needed to render meta tags @ https://appstoreconnect.apple.com/access/static/js/container.568ebb197d6c4922.js:1
[    2193ms] [WARNING] eventQueue overflow, deleting LRU events: size is: 101 which is over max size: 100 @ https://appstoreconnect.apple.com/access/static/js/container.568ebb197d6c4922.js:1
[    2194ms] [WARNING] eventQueue overflow, deleting LRU events: size is: 101 which is over max size: 100 @ https://appstoreconnect.apple.com/access/static/js/container.568ebb197d6c4922.js:1
[    2194ms] [WARNING] eventQueue overflow, deleting LRU events: size is: 101 which is over max size: 100 @ https://appstoreconnect.apple.com/access/static/js/container.568ebb197d6c4922.js:1
[    2399ms] [WARNING] eventQueue overflow, deleting LRU events: size is: 101 which is over max size: 100 @ https://appstoreconnect.apple.com/access/static/js/container.568ebb197d6c4922.js:1
[    2402ms] [WARNING] eventQueue overflow, deleting LRU events: size is: 101 which is over max size: 100 @ https://appstoreconnect.apple.com/access/static/js/container.568ebb197d6c4922.js:1
[    2405ms] [WARNING] eventQueue overflow, deleting LRU events: size is: 101 which is over max size: 100 @ https://appstoreconnect.apple.com/access/static/js/container.568ebb197d6c4922.js:1
[    2412ms] [WARNING] eventQueue overflow, deleting LRU events: size is: 101 which is over max size: 100 @ https://appstoreconnect.apple.com/access/static/js/container.568ebb197d6c4922.js:1
[    2580ms] [WARNING] eventQueue overflow, deleting LRU events: size is: 101 which is over max size: 100 @ https://appstoreconnect.apple.com/access/static/js/container.568ebb197d6c4922.js:1
[    2690ms] [WARNING] eventQueue overflow, deleting LRU events: size is: 101 which is over max size: 100 @ https://appstoreconnect.apple.com/access/static/js/container.568ebb197d6c4922.js:1
[    2717ms] [WARNING] eventQueue overflow, deleting LRU events: size is: 101 which is over max size: 100 @ https://appstoreconnect.apple.com/access/static/js/container.568ebb197d6c4922.js:1
[    2721ms] [WARNING] eventQueue overflow, deleting LRU events: size is: 101 which is over max size: 100 @ https://appstoreconnect.apple.com/access/static/js/container.568ebb197d6c4922.js:1
[    2723ms] [WARNING] eventQueue overflow, deleting LRU events: size is: 101 which is over max size: 100 @ https://appstoreconnect.apple.com/access/static/js/container.568ebb197d6c4922.js:1
[    2733ms] [WARNING] eventQueue overflow, deleting LRU events: size is: 101 which is over max size: 100 @ https://appstoreconnect.apple.com/access/static/js/container.568ebb197d6c4922.js:1
[    2753ms] [WARNING] eventQueue overflow, deleting LRU events: size is: 101 which is over max size: 100 @ https://appstoreconnect.apple.com/access/static/js/container.568ebb197d6c4922.js:1
[    2756ms] [WARNING] eventQueue overflow, deleting LRU events: size is: 101 which is over max size: 100 @ https://appstoreconnect.apple.com/access/static/js/container.568ebb197d6c4922.js:1
[    2765ms] [WARNING] eventQueue overflow, deleting LRU events: size is: 101 which is over max size: 100 @ https://appstoreconnect.apple.com/access/static/js/container.568ebb197d6c4922.js:1
[    3068ms] [WARNING] eventQueue overflow, deleting LRU events: size is: 101 which is over max size: 100 @ https://appstoreconnect.apple.com/access/static/js/container.568ebb197d6c4922.js:1
[    3171ms] [WARNING] eventQueue overflow, deleting LRU events: size is: 101 which is over max size: 100 @ https://appstoreconnect.apple.com/access/static/js/container.568ebb197d6c4922.js:1
[    3388ms] [WARNING] eventQueue overflow, deleting LRU events: size is: 101 which is over max size: 100 @ https://appstoreconnect.apple.com/access/static/js/container.568ebb197d6c4922.js:1
[    3503ms] [WARNING] eventQueue overflow, deleting LRU events: size is: 101 which is over max size: 100 @ https://appstoreconnect.apple.com/access/static/js/container.568ebb197d6c4922.js:1
[    3710ms] [WARNING] eventQueue overflow, deleting LRU events: size is: 101 which is over max size: 100 @ https://appstoreconnect.apple.com/access/static/js/container.568ebb197d6c4922.js:1
[    7820ms] [WARNING] eventQueue overflow, deleting LRU events: size is: 101 which is over max size: 100 @ https://appstoreconnect.apple.com/access/static/js/container.568ebb197d6c4922.js:1
[    8007ms] [WARNING] eventQueue overflow, deleting LRU events: size is: 101 which is over max size: 100 @ https://appstoreconnect.apple.com/access/static/js/container.568ebb197d6c4922.js:1
[    8076ms] [WARNING] eventQueue overflow, deleting LRU events: size is: 101 which is over max size: 100 @ https://appstoreconnect.apple.com/access/static/js/container.568ebb197d6c4922.js:1
[    8179ms] [WARNING] eventQueue overflow, deleting LRU events: size is: 101 which is over max size: 100 @ https://appstoreconnect.apple.com/access/static/js/container.568ebb197d6c4922.js:1
[    8180ms] [WARNING] eventQueue overflow, deleting LRU events: size is: 101 which is over max size: 100 @ https://appstoreconnect.apple.com/access/static/js/container.568ebb197d6c4922.js:1
[    8180ms] [WARNING] eventQueue overflow, deleting LRU events: size is: 101 which is over max size: 100 @ https://appstoreconnect.apple.com/access/static/js/container.568ebb197d6c4922.js:1
[    8194ms] [WARNING] eventQueue overflow, deleting LRU events: size is: 101 which is over max size: 100 @ https://appstoreconnect.apple.com/access/static/js/container.568ebb197d6c4922.js:1
[    8195ms] [WARNING] eventQueue overflow, deleting LRU events: size is: 101 which is over max size: 100 @ https://appstoreconnect.apple.com/access/static/js/container.568ebb197d6c4922.js:1
[    8259ms] [WARNING] eventQueue overflow, deleting LRU events: size is: 101 which is over max size: 100 @ https://appstoreconnect.apple.com/access/static/js/container.568ebb197d6c4922.js:1
[    8271ms] [WARNING] eventQueue overflow, deleting LRU events: size is: 101 which is over max size: 100 @ https://appstoreconnect.apple.com/access/static/js/container.568ebb197d6c4922.js:1
[    8363ms] [WARNING] eventQueue overflow, deleting LRU events: size is: 101 which is over max size: 100 @ https://appstoreconnect.apple.com/access/static/js/container.568ebb197d6c4922.js:1
[    8493ms] [WARNING] eventQueue overflow, deleting LRU events: size is: 101 which is over max size: 100 @ https://appstoreconnect.apple.com/access/static/js/container.568ebb197d6c4922.js:1
[    8620ms] [WARNING] eventQueue overflow, deleting LRU events: size is: 101 which is over max size: 100 @ https://appstoreconnect.apple.com/access/static/js/container.568ebb197d6c4922.js:1
[    9156ms] [WARNING] eventQueue overflow, deleting LRU events: size is: 101 which is over max size: 100 @ https://appstoreconnect.apple.com/access/static/js/container.568ebb197d6c4922.js:1
[    9156ms] [WARNING] eventQueue overflow, deleting LRU events: size is: 101 which is over max size: 100 @ https://appstoreconnect.apple.com/access/static/js/container.568ebb197d6c4922.js:1
[    9319ms] [WARNING] eventQueue overflow, deleting LRU events: size is: 101 which is over max size: 100 @ https://appstoreconnect.apple.com/access/static/js/container.568ebb197d6c4922.js:1
[    9389ms] [WARNING] eventQueue overflow, deleting LRU events: size is: 101 which is over max size: 100 @ https://appstoreconnect.apple.com/access/static/js/container.568ebb197d6c4922.js:1
[    9407ms] [WARNING] eventQueue overflow, deleting LRU events: size is: 101 which is over max size: 100 @ https://appstoreconnect.apple.com/access/static/js/container.568ebb197d6c4922.js:1
[    9411ms] [WARNING] eventQueue overflow, deleting LRU events: size is: 101 which is over max size: 100 @ https://appstoreconnect.apple.com/access/static/js/container.568ebb197d6c4922.js:1
[    9495ms] [WARNING] eventQueue overflow, deleting LRU events: size is: 101 which is over max size: 100 @ https://appstoreconnect.apple.com/access/static/js/container.568ebb197d6c4922.js:1
[    9550ms] [WARNING] eventQueue overflow, deleting LRU events: size is: 101 which is over max size: 100 @ https://appstoreconnect.apple.com/access/static/js/container.568ebb197d6c4922.js:1
[    9564ms] [WARNING] eventQueue overflow, deleting LRU events: size is: 101 which is over max size: 100 @ https://appstoreconnect.apple.com/access/static/js/container.568ebb197d6c4922.js:1
[    9577ms] [WARNING] eventQueue overflow, deleting LRU events: size is: 101 which is over max size: 100 @ https://appstoreconnect.apple.com/access/static/js/container.568ebb197d6c4922.js:1
[    9611ms] [WARNING] eventQueue overflow, deleting LRU events: size is: 101 which is over max size: 100 @ https://appstoreconnect.apple.com/access/static/js/container.568ebb197d6c4922.js:1
[    9620ms] [WARNING] eventQueue overflow, deleting LRU events: size is: 101 which is over max size: 100 @ https://appstoreconnect.apple.com/access/static/js/container.568ebb197d6c4922.js:1
[    9735ms] [WARNING] eventQueue overflow, deleting LRU events: size is: 101 which is over max size: 100 @ https://appstoreconnect.apple.com/access/static/js/container.568ebb197d6c4922.js:1
[   10734ms] [WARNING] eventQueue overflow, deleting LRU events: size is: 101 which is over max size: 100 @ https://appstoreconnect.apple.com/access/static/js/container.568ebb197d6c4922.js:1
